Configuration info
==================
Target platform:  aarch64-Android-36
Compiler:         clang (21.1.8 )
Compile options:  [-march=armv8-a+crypto;-Wa,--noexecstack;-O3;-fomit-frame-pointer;-Wbad-function-cast;-Wcast-qual;-Wnarrowing;-Wconversion]
OQS version:      0.15.0 (major: 0, minor: 15, patch: 0)
Git commit:       04ab195f104aaabe5322bacc526478f5d584920c
OpenSSL enabled:  No
AES:              C and ARM CRYPTO extensions
SHA-2:            C and ARM CRYPTO extensions
SHA-3:            C
OQS build flags:  OQS_DIST_BUILD OQS_LIBJADE_BUILD OQS_OPT_TARGET=generic CMAKE_BUILD_TYPE=Release 
CPU exts active:  AES SHA2 SHA3 NEON
Speed test
==========
Started at 2026-07-23 14:20:35
Operation                            | Iterations | Total time (s) | Time (us): mean | pop. stdev | High-prec time (ns): mean | pop. stdev
------------------------------------ | ----------:| --------------:| ---------------:| ----------:| -------------------------:| ----------:
ML-DSA-44                            |            |                |                 |            |                           |           
keypair                              |      71753 |          3.000 |          41.811 |      2.538 |                     41707 |       2492
sign                                 |      18566 |          3.000 |         161.587 |    102.470 |                    161483 |     102469
verify                               |      65320 |          3.000 |          45.928 |      3.070 |                     45820 |       3050
Ended at 2026-07-23 14:20:44
