Configuration info
==================
Target platform:  aarch64-Android-36
Compiler:         clang (21.1.8 )
Compile options:  [-march=armv8-a+crypto;-Wa,--noexecstack;-O3;-fomit-frame-pointer;-Wbad-function-cast;-Wcast-qual;-Wnarrowing;-Wconversion]
OQS version:      0.15.0 (major: 0, minor: 15, patch: 0)
Git commit:       04ab195f104aaabe5322bacc526478f5d584920c
OpenSSL enabled:  No
AES:              C and ARM CRYPTO extensions
SHA-2:            C and ARM CRYPTO extensions
SHA-3:            C
OQS build flags:  OQS_DIST_BUILD OQS_LIBJADE_BUILD OQS_OPT_TARGET=generic CMAKE_BUILD_TYPE=Release 
CPU exts active:  AES SHA2 SHA3 NEON
Speed test
==========
Started at 2026-07-23 14:35:33
Operation                            | Iterations | Total time (s) | Time (us): mean | pop. stdev | High-prec time (ns): mean | pop. stdev
------------------------------------ | ----------:| --------------:| ---------------:| ----------:| -------------------------:| ----------:
ML-DSA-65                            |            |                |                 |            |                           |           
keypair                              |      38669 |          3.000 |          77.583 |      3.421 |                     77477 |       3400
sign                                 |      11834 |          3.000 |         253.533 |    160.378 |                    253423 |     160379
verify                               |      40067 |          3.000 |          74.876 |      4.983 |                     74768 |       4963
Ended at 2026-07-23 14:35:42
