=== state at measurement time ===
Cpus_allowed_list:	0-2
x3_active_cpus: 0
policy7_khz: 864000
	Paused: 1
=== benchmark ===
Configuration info
==================
Target platform:  aarch64-Android-36
Compiler:         clang (21.1.8 )
Compile options:  [-march=armv8-a+crypto;-Wa,--noexecstack;-O3;-fomit-frame-pointer;-Wbad-function-cast;-Wcast-qual;-Wnarrowing;-Wconversion]
OQS version:      0.15.0 (major: 0, minor: 15, patch: 0)
Git commit:       04ab195f104aaabe5322bacc526478f5d584920c
OpenSSL enabled:  No
AES:              C and ARM CRYPTO extensions
SHA-2:            C and ARM CRYPTO extensions
SHA-3:            C
OQS build flags:  OQS_DIST_BUILD OQS_LIBJADE_BUILD OQS_OPT_TARGET=generic CMAKE_BUILD_TYPE=Release 
CPU exts active:  AES SHA2 SHA3 NEON
Speed test
==========
Started at 2026-07-23 21:32:52
Operation                            | Iterations | Total time (s) | Time (us): mean | pop. stdev | High-prec time (ns): mean | pop. stdev
------------------------------------ | ----------:| --------------:| ---------------:| ----------:| -------------------------:| ----------:
ML-KEM-768                           |            |                |                 |            |                           |           
keygen                               |      53052 |          3.000 |          56.549 |     11.129 |                     56341 |      11080
encaps                               |      48355 |          3.000 |          62.042 |     11.139 |                     61834 |      11087
decaps                               |      27861 |          3.000 |         107.679 |   5936.773 |                    107464 |    5936776
Ended at 2026-07-23 21:33:01
