=== cpu7 run1 ===
Cpus_allowed_list:	7
Configuration info
==================
Target platform:  aarch64-Android-36
Compiler:         clang (21.1.8 )
Compile options:  [-march=armv8-a+crypto;-Wa,--noexecstack;-O3;-fomit-frame-pointer;-Wbad-function-cast;-Wcast-qual;-Wnarrowing;-Wconversion]
OQS version:      0.15.0 (major: 0, minor: 15, patch: 0)
Git commit:       04ab195f104aaabe5322bacc526478f5d584920c
OpenSSL enabled:  No
AES:              C and ARM CRYPTO extensions
SHA-2:            C and ARM CRYPTO extensions
SHA-3:            C
OQS build flags:  OQS_DIST_BUILD OQS_LIBJADE_BUILD OQS_OPT_TARGET=generic CMAKE_BUILD_TYPE=Release 
CPU exts active:  AES SHA2 SHA3 NEON
Speed test
==========
Started at 2026-07-23 21:53:57
Operation                            | Iterations | Total time (s) | Time (us): mean | pop. stdev | High-prec time (ns): mean | pop. stdev
------------------------------------ | ----------:| --------------:| ---------------:| ----------:| -------------------------:| ----------:
ML-KEM-768                           |            |                |                 |            |                           |           
keygen                               |     197297 |          3.000 |          15.206 |      1.661 |                     15098 |       1602
encaps                               |     184417 |          3.000 |          16.268 |      1.735 |                     16159 |       1695
decaps                               |     155199 |          3.000 |          19.330 |      2.076 |                     19221 |       2043
Ended at 2026-07-23 21:54:06
=== cpu7 run2 ===
Cpus_allowed_list:	7
Configuration info
==================
Target platform:  aarch64-Android-36
Compiler:         clang (21.1.8 )
Compile options:  [-march=armv8-a+crypto;-Wa,--noexecstack;-O3;-fomit-frame-pointer;-Wbad-function-cast;-Wcast-qual;-Wnarrowing;-Wconversion]
OQS version:      0.15.0 (major: 0, minor: 15, patch: 0)
Git commit:       04ab195f104aaabe5322bacc526478f5d584920c
OpenSSL enabled:  No
AES:              C and ARM CRYPTO extensions
SHA-2:            C and ARM CRYPTO extensions
SHA-3:            C
OQS build flags:  OQS_DIST_BUILD OQS_LIBJADE_BUILD OQS_OPT_TARGET=generic CMAKE_BUILD_TYPE=Release 
CPU exts active:  AES SHA2 SHA3 NEON
Speed test
==========
Started at 2026-07-23 21:54:41
Operation                            | Iterations | Total time (s) | Time (us): mean | pop. stdev | High-prec time (ns): mean | pop. stdev
------------------------------------ | ----------:| --------------:| ---------------:| ----------:| -------------------------:| ----------:
ML-KEM-768                           |            |                |                 |            |                           |           
keygen                               |     197059 |          3.000 |          15.224 |      1.731 |                     15117 |       1678
encaps                               |     183960 |          3.000 |          16.308 |      1.896 |                     16199 |       1859
decaps                               |     153323 |          3.000 |          19.567 |      2.130 |                     19458 |       2094
Ended at 2026-07-23 21:54:50
=== cpu7 run3 ===
Cpus_allowed_list:	7
Configuration info
==================
Target platform:  aarch64-Android-36
Compiler:         clang (21.1.8 )
Compile options:  [-march=armv8-a+crypto;-Wa,--noexecstack;-O3;-fomit-frame-pointer;-Wbad-function-cast;-Wcast-qual;-Wnarrowing;-Wconversion]
OQS version:      0.15.0 (major: 0, minor: 15, patch: 0)
Git commit:       04ab195f104aaabe5322bacc526478f5d584920c
OpenSSL enabled:  No
AES:              C and ARM CRYPTO extensions
SHA-2:            C and ARM CRYPTO extensions
SHA-3:            C
OQS build flags:  OQS_DIST_BUILD OQS_LIBJADE_BUILD OQS_OPT_TARGET=generic CMAKE_BUILD_TYPE=Release 
CPU exts active:  AES SHA2 SHA3 NEON
Speed test
==========
Started at 2026-07-23 21:55:25
Operation                            | Iterations | Total time (s) | Time (us): mean | pop. stdev | High-prec time (ns): mean | pop. stdev
------------------------------------ | ----------:| --------------:| ---------------:| ----------:| -------------------------:| ----------:
ML-KEM-768                           |            |                |                 |            |                           |           
keygen                               |     195739 |          3.000 |          15.327 |      1.797 |                     15219 |       1744
encaps                               |     184052 |          3.000 |          16.300 |      1.849 |                     16192 |       1817
decaps                               |     155037 |          3.000 |          19.350 |      2.164 |                     19241 |       2132
Ended at 2026-07-23 21:55:34
=== cpu7 run4 ===
Cpus_allowed_list:	7
Configuration info
==================
Target platform:  aarch64-Android-36
Compiler:         clang (21.1.8 )
Compile options:  [-march=armv8-a+crypto;-Wa,--noexecstack;-O3;-fomit-frame-pointer;-Wbad-function-cast;-Wcast-qual;-Wnarrowing;-Wconversion]
OQS version:      0.15.0 (major: 0, minor: 15, patch: 0)
Git commit:       04ab195f104aaabe5322bacc526478f5d584920c
OpenSSL enabled:  No
AES:              C and ARM CRYPTO extensions
SHA-2:            C and ARM CRYPTO extensions
SHA-3:            C
OQS build flags:  OQS_DIST_BUILD OQS_LIBJADE_BUILD OQS_OPT_TARGET=generic CMAKE_BUILD_TYPE=Release 
CPU exts active:  AES SHA2 SHA3 NEON
Speed test
==========
Started at 2026-07-23 21:56:09
Operation                            | Iterations | Total time (s) | Time (us): mean | pop. stdev | High-prec time (ns): mean | pop. stdev
------------------------------------ | ----------:| --------------:| ---------------:| ----------:| -------------------------:| ----------:
ML-KEM-768                           |            |                |                 |            |                           |           
keygen                               |     195487 |          3.000 |          15.346 |      1.840 |                     15239 |       1790
encaps                               |     172135 |          3.000 |          17.428 |      2.068 |                     17319 |       2031
decaps                               |     146447 |          3.000 |          20.485 |      2.348 |                     20376 |       2320
Ended at 2026-07-23 21:56:18
=== cpu7 run5 ===
Cpus_allowed_list:	7
Configuration info
==================
Target platform:  aarch64-Android-36
Compiler:         clang (21.1.8 )
Compile options:  [-march=armv8-a+crypto;-Wa,--noexecstack;-O3;-fomit-frame-pointer;-Wbad-function-cast;-Wcast-qual;-Wnarrowing;-Wconversion]
OQS version:      0.15.0 (major: 0, minor: 15, patch: 0)
Git commit:       04ab195f104aaabe5322bacc526478f5d584920c
OpenSSL enabled:  No
AES:              C and ARM CRYPTO extensions
SHA-2:            C and ARM CRYPTO extensions
SHA-3:            C
OQS build flags:  OQS_DIST_BUILD OQS_LIBJADE_BUILD OQS_OPT_TARGET=generic CMAKE_BUILD_TYPE=Release 
CPU exts active:  AES SHA2 SHA3 NEON
Speed test
==========
Started at 2026-07-23 21:56:53
Operation                            | Iterations | Total time (s) | Time (us): mean | pop. stdev | High-prec time (ns): mean | pop. stdev
------------------------------------ | ----------:| --------------:| ---------------:| ----------:| -------------------------:| ----------:
ML-KEM-768                           |            |                |                 |            |                           |           
keygen                               |     195372 |          3.000 |          15.355 |      1.783 |                     15247 |       1732
encaps                               |     183463 |          3.000 |          16.352 |      1.856 |                     16244 |       1823
decaps                               |     154339 |          3.000 |          19.438 |      2.199 |                     19328 |       2167
Ended at 2026-07-23 21:57:02
